[qunitjs.com/cookbook/index.html]
[api.qunitjs.com/index.html]
[backblue.gif]
[fade.gif]
[index.html]
[api.qunitjs.com/jquery-wp-content/themes/api.qunitjs.com/i/favicon.ico]
[api.qunitjs.com/jquery-wp-content/themes/jquery/js/modernizr.custom.2.8.3.min.js]
[api.qunitjs.com/wp-json/oembed/1.0/embed.17225.delayed]
[api.qunitjs.com/jquery-wp-content/themes/jquery/js/plugins.js]
[api.qunitjs.com/jquery-wp-content/themes/jquery/js/main.js]
[api.qunitjs.com/wp-json/oembed/1.0/embed751b]
[api.qunitjs.com/index.html]
[api.qunitjs.com/wp-json/index.html]
[api.qunitjs.com/category/assert/index.html]
[api.qunitjs.com/category/async-control/index.html]
[qunitjs.com/cookbook/index.html]
[api.qunitjs.com/category/all/index.html]
[api.qunitjs.com/jquery-wp-content/themes/jquery/css/base3860.css]
[api.qunitjs.com/jquery-wp-content/themes/jquery/content/books/qunit-instant-testing.jpg]
[api.qunitjs.com/jquery-wp-content/themes/api.qunitjs.com/style.css]
[api.qunitjs.com/category/callbacks/index.html]
[api.qunitjs.com/category/config/index.html]
[api.qunitjs.com/category/test/index.html]
[api.qunitjs.com/jquery-wp-content/themes/jquery/content/books/qunit-testable-javascript.gif]
[api.qunitjs.com/jquery-wp-content/themes/jquery/content/books/qunit-tddjs.png]
[api.qunitjs.com/wp-includes/js/comment-reply.mineb11.js]
[api.qunitjs.com/wp-json/index.html]
[api.qunitjs.com/wp-json/oembed/1.0/embed7225.html]
[api.qunitjs.com/wp-json/oembed/1.0/embed751b.html]
[api.qunitjs.com/wp-includes/js/wp-embed.mineb11.js]
[api.qunitjs.com/category/all/index.html]
[api.qunitjs.com/category/assert/index.html]
[api.qunitjs.com/category/async-control/index.html]
[api.qunitjs.com/jquery-wp-content/themes/jquery/css/fonts/fontawesome-webfont994f.eot]
[api.qunitjs.com/jquery-wp-content/themes/jquery/css/fonts/fontawesome-webfontd41d.eot]
[api.qunitjs.com/category/callbacks/index.html]
[api.qunitjs.com/category/config/index.html]
[api.qunitjs.com/jquery-wp-content/themes/jquery/css/fonts/fontawesome-webfont994f.woff]
[api.qunitjs.com/category/test/index.html]
[api.qunitjs.com/jquery-wp-content/themes/jquery/css/fonts/fontawesome-webfont994f.ttf]
[api.qunitjs.com/jquery-wp-content/themes/jquery/images/jq-global-nav.png]
[api.qunitjs.com/jquery-wp-content/themes/jquery/images/bg-body-learn.jpg]
[api.qunitjs.com/jquery-wp-content/themes/jquery/images/bg-footer-noise.jpg]
[api.qunitjs.com/jquery-wp-content/themes/jquery/images/jq-nav-icons.png]
[api.qunitjs.com/jquery-wp-content/themes/jquery/images/logo-jquery-ui.png]
[api.qunitjs.com/jquery-wp-content/themes/jquery/images/logo-jquery.png]
[api.qunitjs.com/jquery-wp-content/themes/jquery/images/logo-jquery-mobile.png]
[api.qunitjs.com/jquery-wp-content/themes/jquery/images/logo-sizzle.png]
[api.qunitjs.com/jquery-wp-content/themes/jquery/images/logo-qunit.png]
[api.qunitjs.com/jquery-wp-content/themes/jquery/images/logo-jquery-foundation.png]
[api.qunitjs.com/jquery-wp-content/themes/jquery/images/logo-jquery-events.png]
[api.qunitjs.com/jquery-wp-content/themes/jquery/images/projectlogosfull-small.png]
[api.qunitjs.com/jquery-wp-content/themes/jquery/images/gauze.png]
[api.qunitjs.com/jquery-wp-content/themes/jquery/images/bullet.png]
[api.qunitjs.com/jquery-wp-content/themes/jquery/images/dark-grey-tile.png]
[api.qunitjs.com/jquery-wp-content/themes/jquery/images-foundation/gauze.html]
[api.qunitjs.com/jquery-wp-content/themes/jquery/images-foundation/gauze.html]
[api.qunitjs.com/jquery-wp-content/themes/jquery/images/logo-mediatemple.png]
[api.qunitjs.com/jquery-wp-content/themes/jquery/images/logo-maxcdn.png]
[api.qunitjs.com/jquery-wp-content/themes/jquery/images/logo-wordpress.png]
[api.qunitjs.com/jquery-wp-content/themes/jquery/images/logo-jquery@2x.png]
[api.qunitjs.com/jquery-wp-content/themes/jquery/images/logo-jquery-ui@2x.png]
[api.qunitjs.com/jquery-wp-content/themes/jquery/images/logo-jquery-mobile@2x.png]
[api.qunitjs.com/jquery-wp-content/themes/jquery/images/logo-qunit@2x.png]
[api.qunitjs.com/jquery-wp-content/themes/jquery/images/logo-sizzle@2x.png]
[api.qunitjs.com/jquery-wp-content/themes/jquery/images/logo-jquery-foundation@2x.png]
[api.qunitjs.com/jquery-wp-content/themes/jquery/images/logo-jquery-events@2x.png]
[api.qunitjs.com/jquery-wp-content/themes/jquery/images/colorbox/overlay.png]
[api.qunitjs.com/jquery-wp-content/themes/jquery/images/colorbox/border.png]
[api.qunitjs.com/jquery-wp-content/themes/jquery/images/colorbox/controls.png]
[api.qunitjs.com/jquery-wp-content/themes/jquery/images/colorbox/loading_background.png]
[api.qunitjs.com/jquery-wp-content/themes/jquery/images/colorbox/loading.gif]
[api.qunitjs.com/async/index.html]
[api.qunitjs.com/deepEqual/index.html]
[api.qunitjs.com/equal/index.html]
[api.qunitjs.com/expect/index.html]
[api.qunitjs.com/wp-json/oembed/1.0/embedce7e]
[api.qunitjs.com/notDeepEqual/index.html]
[api.qunitjs.com/wp-json/oembed/1.0/embedea33]
[api.qunitjs.com/async/index.html]
[api.qunitjs.com/notEqual/index.html]
[api.qunitjs.com/wp-json/oembed/1.0/embedec54]
[api.qunitjs.com/notOk/index.html]
[api.qunitjs.com/notPropEqual/index.html]
[api.qunitjs.com/wp-json/oembed/1.0/embed9340]
[api.qunitjs.com/deepEqual/index.html]
[api.qunitjs.com/notStrictEqual/index.html]
[api.qunitjs.com/ok/index.html]
[api.qunitjs.com/wp-json/oembed/1.0/embed7545]
[api.qunitjs.com/propEqual/index.html]
[api.qunitjs.com/QUnit.asyncTest/index.html]
[api.qunitjs.com/QUnit.begin/index.html]
[api.qunitjs.com/wp-json/oembed/1.0/embed59d0]
[api.qunitjs.com/equal/index.html]
[api.qunitjs.com/QUnit.done/index.html]
[api.qunitjs.com/QUnit.dump.parse/index.html]
[api.qunitjs.com/QUnit.init/index.html]
[api.qunitjs.com/wp-json/oembed/1.0/embed87c3]
[api.qunitjs.com/QUnit.log/index.html]
[api.qunitjs.com/QUnit.moduleDone/index.html]
[api.qunitjs.com/QUnit.module/index.html]
[api.qunitjs.com/QUnit.moduleStart/index.html]
[api.qunitjs.com/wp-json/oembed/1.0/embede90e]
[api.qunitjs.com/QUnit.only/index.html]
[api.qunitjs.com/expect/index.html]
[api.qunitjs.com/QUnit.skip/index.html]
[api.qunitjs.com/QUnit.push/index.html]
[api.qunitjs.com/QUnit.reset/index.html]
[api.qunitjs.com/QUnit.stack/index.html]
[api.qunitjs.com/wp-json/oembed/1.0/embeddb40]
[api.qunitjs.com/QUnit.start/index.html]
[api.qunitjs.com/QUnit.stop/index.html]
[api.qunitjs.com/QUnit.test/index.html]
[api.qunitjs.com/wp-json/oembed/1.0/embedab7e]
[api.qunitjs.com/notDeepEqual/index.html]
[api.qunitjs.com/QUnit.testDone/index.html]
[api.qunitjs.com/QUnit.testStart/index.html]
[api.qunitjs.com/throws/index.html]
[api.qunitjs.com/strictEqual/index.html]
[api.qunitjs.com/wp-json/oembed/1.0/embed9415]
[api.qunitjs.com/wp-json/oembed/1.0/embed459d]
[api.qunitjs.com/notEqual/index.html]
[api.qunitjs.com/wp-json/oembed/1.0/embed.158ed0.delayed]
[api.qunitjs.com/wp-json/oembed/1.0/embed9a2f]
[api.qunitjs.com/notOk/index.html]
[api.qunitjs.com/wp-json/oembed/1.0/embed4913]
[api.qunitjs.com/wp-json/oembed/1.0/embed2c51]
[api.qunitjs.com/notPropEqual/index.html]
[api.qunitjs.com/wp-json/oembed/1.0/embed96b8]
[api.qunitjs.com/wp-json/oembed/1.0/embed5d57]
[api.qunitjs.com/notStrictEqual/index.html]
[api.qunitjs.com/wp-json/oembed/1.0/embeddbb7]
[api.qunitjs.com/wp-json/oembed/1.0/embed442d]
[api.qunitjs.com/ok/index.html]
[api.qunitjs.com/wp-json/oembed/1.0/embed1574]
[api.qunitjs.com/wp-json/oembed/1.0/embed2578]
[api.qunitjs.com/propEqual/index.html]
[api.qunitjs.com/wp-json/oembed/1.0/embedda78]
[api.qunitjs.com/wp-json/oembed/1.0/embed15f0]
[api.qunitjs.com/QUnit.asyncTest/index.html]
[api.qunitjs.com/wp-json/oembed/1.0/embed5149]
[api.qunitjs.com/wp-json/oembed/1.0/embed8926]
[api.qunitjs.com/QUnit.begin/index.html]
[api.qunitjs.com/wp-json/oembed/1.0/embed8f9f]
[api.qunitjs.com/wp-json/oembed/1.0/embeded8e]
[api.qunitjs.com/QUnit.done/index.html]
[api.qunitjs.com/wp-json/oembed/1.0/embed45d0]
[api.qunitjs.com/wp-json/oembed/1.0/embede469]
[api.qunitjs.com/QUnit.dump.parse/index.html]
[api.qunitjs.com/wp-json/oembed/1.0/embed3d34]
[api.qunitjs.com/wp-json/oembed/1.0/embed9d37]
[api.qunitjs.com/QUnit.init/index.html]
[api.qunitjs.com/wp-json/oembed/1.0/embedaca0]
[api.qunitjs.com/wp-json/oembed/1.0/embed0842]
[api.qunitjs.com/QUnit.log/index.html]
[api.qunitjs.com/wp-json/oembed/1.0/embedc19f]
[api.qunitjs.com/wp-json/oembed/1.0/embede409]
[api.qunitjs.com/QUnit.module/index.html]
[api.qunitjs.com/wp-json/oembed/1.0/embedbab6]
[api.qunitjs.com/wp-json/oembed/1.0/embed055e]
[api.qunitjs.com/QUnit.moduleDone/index.html]
[api.qunitjs.com/wp-json/oembed/1.0/embed40d9]
[api.qunitjs.com/wp-json/oembed/1.0/embed6da6]
[api.qunitjs.com/QUnit.moduleStart/index.html]
[api.qunitjs.com/wp-json/oembed/1.0/embedfb4d]
[api.qunitjs.com/wp-json/oembed/1.0/embedf1c4]
[api.qunitjs.com/QUnit.only/index.html]
[api.qunitjs.com/wp-json/oembed/1.0/embed1a75]
[api.qunitjs.com/wp-json/oembed/1.0/embed7786]
[api.qunitjs.com/QUnit.push/index.html]
[api.qunitjs.com/wp-json/oembed/1.0/embedfc3c]
[api.qunitjs.com/wp-json/oembed/1.0/embed2b43]
[api.qunitjs.com/QUnit.reset/index.html]
[api.qunitjs.com/wp-json/oembed/1.0/embeda0eb]
[api.qunitjs.com/wp-json/oembed/1.0/embedb305]
[api.qunitjs.com/QUnit.skip/index.html]
[api.qunitjs.com/wp-json/oembed/1.0/embed54a7]
[api.qunitjs.com/wp-json/oembed/1.0/embed574e]
[api.qunitjs.com/QUnit.stack/index.html]
[api.qunitjs.com/wp-json/oembed/1.0/embedaabd]
[api.qunitjs.com/wp-json/oembed/1.0/embed4f51]
[api.qunitjs.com/QUnit.start/index.html]
[api.qunitjs.com/wp-json/oembed/1.0/embedd017]
[api.qunitjs.com/wp-json/oembed/1.0/embed2521]
[api.qunitjs.com/QUnit.stop/index.html]
[api.qunitjs.com/wp-json/oembed/1.0/embed3224]
[api.qunitjs.com/wp-json/oembed/1.0/embedbf6f]
[api.qunitjs.com/QUnit.test/index.html]
[api.qunitjs.com/wp-json/oembed/1.0/embedcd7d]
[api.qunitjs.com/wp-json/oembed/1.0/embed1fbe]
[api.qunitjs.com/QUnit.testDone/index.html]
[api.qunitjs.com/wp-json/oembed/1.0/embed1e06]
[api.qunitjs.com/wp-json/oembed/1.0/embed2703]
[api.qunitjs.com/QUnit.testStart/index.html]
[api.qunitjs.com/wp-json/oembed/1.0/embed403b]
[api.qunitjs.com/wp-json/oembed/1.0/embede1d7]
[api.qunitjs.com/strictEqual/index.html]
[api.qunitjs.com/wp-json/oembed/1.0/embedaa74]
[api.qunitjs.com/wp-json/oembed/1.0/embed3482]
[api.qunitjs.com/throws/index.html]
[api.qunitjs.com/wp-json/oembed/1.0/embedce7e.html]
[api.qunitjs.com/wp-json/oembed/1.0/embedea33.html]
[api.qunitjs.com/wp-json/oembed/1.0/embedec54.html]
[api.qunitjs.com/wp-json/oembed/1.0/embed9340.html]
[api.qunitjs.com/wp-json/oembed/1.0/embed7545.html]
[api.qunitjs.com/wp-json/oembed/1.0/embed59d0.html]
[api.qunitjs.com/wp-json/oembed/1.0/embed87c3.html]
[api.qunitjs.com/wp-json/oembed/1.0/embede90e.html]
[api.qunitjs.com/wp-json/oembed/1.0/embeddb40.html]
[api.qunitjs.com/wp-json/oembed/1.0/embedab7e.html]
[api.qunitjs.com/wp-json/oembed/1.0/embed9415.html]
[api.qunitjs.com/wp-json/oembed/1.0/embed459d.html]
[api.qunitjs.com/wp-json/oembed/1.0/embed8ed0.html]
[api.qunitjs.com/wp-json/oembed/1.0/embed9a2f.html]
[api.qunitjs.com/wp-json/oembed/1.0/embed4913.html]
[api.qunitjs.com/wp-json/oembed/1.0/embed2c51.html]
[api.qunitjs.com/wp-json/oembed/1.0/embed96b8.html]
[api.qunitjs.com/wp-json/oembed/1.0/embed5d57.html]
[api.qunitjs.com/wp-json/oembed/1.0/embeddbb7.html]
[api.qunitjs.com/wp-json/oembed/1.0/embed442d.html]
[api.qunitjs.com/wp-json/oembed/1.0/embed1574.html]
[api.qunitjs.com/wp-json/oembed/1.0/embed2578.html]
[api.qunitjs.com/wp-json/oembed/1.0/embedda78.html]
[api.qunitjs.com/wp-json/oembed/1.0/embed15f0.html]
[api.qunitjs.com/wp-json/oembed/1.0/embed5149.html]
[api.qunitjs.com/wp-json/oembed/1.0/embed8926.html]
[api.qunitjs.com/wp-json/oembed/1.0/embed8f9f.html]
[api.qunitjs.com/wp-json/oembed/1.0/embeded8e.html]
[api.qunitjs.com/wp-json/oembed/1.0/embed45d0.html]
[api.qunitjs.com/wp-json/oembed/1.0/embede469.html]
[api.qunitjs.com/wp-json/oembed/1.0/embed3d34.html]
[api.qunitjs.com/wp-json/oembed/1.0/embed9d37.html]
[api.qunitjs.com/wp-json/oembed/1.0/embedaca0.html]
[api.qunitjs.com/wp-json/oembed/1.0/embed0842.html]
[api.qunitjs.com/wp-json/oembed/1.0/embedc19f.html]
[api.qunitjs.com/wp-json/oembed/1.0/embede409.html]
[api.qunitjs.com/wp-json/oembed/1.0/embedbab6.html]
[api.qunitjs.com/wp-json/oembed/1.0/embed055e.html]
[api.qunitjs.com/wp-json/oembed/1.0/embed40d9.html]
[api.qunitjs.com/wp-json/oembed/1.0/embed6da6.html]
[api.qunitjs.com/wp-json/oembed/1.0/embedfb4d.html]
[api.qunitjs.com/wp-json/oembed/1.0/embedf1c4.html]
[api.qunitjs.com/wp-json/oembed/1.0/embed1a75.html]
[api.qunitjs.com/wp-json/oembed/1.0/embed7786.html]
[api.qunitjs.com/wp-json/oembed/1.0/embedfc3c.html]
[api.qunitjs.com/wp-json/oembed/1.0/embed2b43.html]
[api.qunitjs.com/wp-json/oembed/1.0/embeda0eb.html]
[api.qunitjs.com/wp-json/oembed/1.0/embedb305.html]
[api.qunitjs.com/wp-json/oembed/1.0/embed54a7.html]
[api.qunitjs.com/wp-json/oembed/1.0/embed574e.html]
[api.qunitjs.com/wp-json/oembed/1.0/embedaabd.html]
[api.qunitjs.com/wp-json/oembed/1.0/embed4f51.html]
[api.qunitjs.com/wp-json/oembed/1.0/embedd017.html]
[api.qunitjs.com/wp-json/oembed/1.0/embed2521.html]
[api.qunitjs.com/wp-json/oembed/1.0/embed3224.html]
[api.qunitjs.com/wp-json/oembed/1.0/embedbf6f.html]
[api.qunitjs.com/wp-json/oembed/1.0/embedcd7d.html]
[api.qunitjs.com/wp-json/oembed/1.0/embed1fbe.html]
[api.qunitjs.com/wp-json/oembed/1.0/embed1e06.html]
[api.qunitjs.com/wp-json/oembed/1.0/embed2703.html]
[api.qunitjs.com/wp-json/oembed/1.0/embed403b.html]
[api.qunitjs.com/wp-json/oembed/1.0/embede1d7.html]
[api.qunitjs.com/wp-json/oembed/1.0/embedaa74.html]
[api.qunitjs.com/wp-json/oembed/1.0/embed3482.html]
[api.qunitjs.com/push/index.html]
[api.qunitjs.com/QUnit.assert/index.html]
[api.qunitjs.com/QUnit.extend/index.html]
[api.qunitjs.com/QUnit.config/index.html]
